<?php return array (
  0 => 'Symfony\\Bundle\\FrameworkBundle\\Controller\\AbstractController',
  1 => 'App\\Controller\\AdminController',
  2 => 'App\\Controller\\CategoryController',
  3 => 'App\\Controller\\HomeController',
  4 => 'App\\Controller\\ProductController',
  5 => 'App\\Controller\\RoleAdminController',
  6 => 'App\\Controller\\SearchProductController',
  7 => 'App\\Controller\\UserController',
  8 => 'App\\Entity\\Admin',
  9 => 'App\\Entity\\Cart',
  10 => 'App\\Entity\\Category',
  11 => 'App\\Entity\\Order',
  12 => 'App\\Entity\\OrderDetail',
  13 => 'App\\Entity\\Product',
  14 => 'App\\Entity\\RoleAdmin',
  15 => 'App\\Entity\\User',
  16 => 'Doctrine\\Bundle\\DoctrineBundle\\Controller\\ProfilerController',
  17 => 'Doctrine\\ORM\\Cache\\Persister\\Entity\\AbstractEntityPersister',
  18 => 'Doctrine\\ORM\\Cache\\Persister\\Entity\\CachedEntityPersister',
  19 => 'Doctrine\\ORM\\Cache\\Persister\\Entity\\NonStrictReadWriteCachedEntityPersister',
  20 => 'Doctrine\\ORM\\Cache\\Persister\\Entity\\ReadOnlyCachedEntityPersister',
  21 => 'Doctrine\\ORM\\Cache\\Persister\\Entity\\ReadWriteCachedEntityPersister',
  22 => 'Doctrine\\ORM\\Persisters\\Entity\\AbstractEntityInheritancePersister',
  23 => 'Doctrine\\ORM\\Persisters\\Entity\\BasicEntityPersister',
  24 => 'Doctrine\\ORM\\Persisters\\Entity\\CachedPersisterContext',
  25 => 'Doctrine\\ORM\\Persisters\\Entity\\EntityPersister',
  26 => 'Doctrine\\ORM\\Persisters\\Entity\\JoinedSubclassPersister',
  27 => 'Doctrine\\ORM\\Persisters\\Entity\\SingleTablePersister',
  28 => 'FOS\\RestBundle\\Controller\\AbstractFOSRestController',
  29 => 'FOS\\RestBundle\\Controller\\Annotations\\AbstractParam',
  30 => 'FOS\\RestBundle\\Controller\\Annotations\\AbstractScalarParam',
  31 => 'FOS\\RestBundle\\Controller\\Annotations\\Copy',
  32 => 'FOS\\RestBundle\\Controller\\Annotations\\Delete',
  33 => 'FOS\\RestBundle\\Controller\\Annotations\\FileParam',
  34 => 'FOS\\RestBundle\\Controller\\Annotations\\Get',
  35 => 'FOS\\RestBundle\\Controller\\Annotations\\Head',
  36 => 'FOS\\RestBundle\\Controller\\Annotations\\Link',
  37 => 'FOS\\RestBundle\\Controller\\Annotations\\Lock',
  38 => 'FOS\\RestBundle\\Controller\\Annotations\\Mkcol',
  39 => 'FOS\\RestBundle\\Controller\\Annotations\\Move',
  40 => 'FOS\\RestBundle\\Controller\\Annotations\\Options',
  41 => 'FOS\\RestBundle\\Controller\\Annotations\\ParamInterface',
  42 => 'FOS\\RestBundle\\Controller\\Annotations\\Patch',
  43 => 'FOS\\RestBundle\\Controller\\Annotations\\Post',
  44 => 'FOS\\RestBundle\\Controller\\Annotations\\PropFind',
  45 => 'FOS\\RestBundle\\Controller\\Annotations\\PropPatch',
  46 => 'FOS\\RestBundle\\Controller\\Annotations\\Put',
  47 => 'FOS\\RestBundle\\Controller\\Annotations\\QueryParam',
  48 => 'FOS\\RestBundle\\Controller\\Annotations\\RequestParam',
  49 => 'FOS\\RestBundle\\Controller\\Annotations\\Route',
  50 => 'FOS\\RestBundle\\Controller\\Annotations\\Unlink',
  51 => 'FOS\\RestBundle\\Controller\\Annotations\\Unlock',
  52 => 'FOS\\RestBundle\\Controller\\Annotations\\View',
  53 => 'FOS\\RestBundle\\Controller\\ControllerTrait',
  55 => 'Symfony\\Bundle\\FrameworkBundle\\Controller\\ControllerResolver',
  56 => 'Symfony\\Bundle\\FrameworkBundle\\Controller\\RedirectController',
  57 => 'Symfony\\Bundle\\FrameworkBundle\\Controller\\TemplateController',
  58 => 'Symfony\\Component\\HttpKernel\\Controller\\ArgumentResolver',
  59 => 'Symfony\\Component\\HttpKernel\\Controller\\ArgumentResolverInterface',
  60 => 'Symfony\\Component\\HttpKernel\\Controller\\ArgumentResolver\\BackedEnumValueResolver',
  61 => 'Symfony\\Component\\HttpKernel\\Controller\\ArgumentResolver\\DateTimeValueResolver',
  62 => 'Symfony\\Component\\HttpKernel\\Controller\\ArgumentResolver\\DefaultValueResolver',
  63 => 'Symfony\\Component\\HttpKernel\\Controller\\ArgumentResolver\\NotTaggedControllerValueResolver',
  64 => 'Symfony\\Component\\HttpKernel\\Controller\\ArgumentResolver\\QueryParameterValueResolver',
  65 => 'Symfony\\Component\\HttpKernel\\Controller\\ArgumentResolver\\RequestAttributeValueResolver',
  66 => 'Symfony\\Component\\HttpKernel\\Controller\\ArgumentResolver\\RequestPayloadValueResolver',
  67 => 'Symfony\\Component\\HttpKernel\\Controller\\ArgumentResolver\\RequestValueResolver',
  68 => 'Symfony\\Component\\HttpKernel\\Controller\\ArgumentResolver\\ServiceValueResolver',
  69 => 'Symfony\\Component\\HttpKernel\\Controller\\ArgumentResolver\\SessionValueResolver',
  70 => 'Symfony\\Component\\HttpKernel\\Controller\\ArgumentResolver\\TraceableValueResolver',
  71 => 'Symfony\\Component\\HttpKernel\\Controller\\ArgumentResolver\\UidValueResolver',
  72 => 'Symfony\\Component\\HttpKernel\\Controller\\ArgumentResolver\\VariadicValueResolver',
  73 => 'Symfony\\Component\\HttpKernel\\Controller\\ArgumentValueResolverInterface',
  74 => 'Symfony\\Component\\HttpKernel\\Controller\\ContainerControllerResolver',
  75 => 'Symfony\\Component\\HttpKernel\\Controller\\ControllerReference',
  76 => 'Symfony\\Component\\HttpKernel\\Controller\\ControllerResolver',
  77 => 'Symfony\\Component\\HttpKernel\\Controller\\ControllerResolverInterface',
  78 => 'Symfony\\Component\\HttpKernel\\Controller\\ErrorController',
  79 => 'Symfony\\Component\\HttpKernel\\Controller\\TraceableArgumentResolver',
  80 => 'Symfony\\Component\\HttpKernel\\Controller\\TraceableControllerResolver',
  81 => 'Symfony\\Component\\HttpKernel\\Controller\\ValueResolverInterface',
  82 => 'Symfony\\Component\\Security\\Http\\Controller\\SecurityTokenValueResolver',
  83 => 'Symfony\\Component\\Security\\Http\\Controller\\UserValueResolver',
);